// Jest Snapshot v1, https://goo.gl/fbAQLP

exports[`Card should render with All the default Props 1`] = `
<div>
  <div
    class="sc-gsTCUz jeuzBH"
    src="src"
    title="Title"
  >
    <div
      class="sc-jSgupP QwxxX"
      src="src"
      title="Title"
    >
      <div
        class="sc-eCssSg eBRVuq"
      >
        <span
          class="sc-bdfBwQ ixTvTj"
        >
          Title
        </span>
      </div>
      <div
        class="sc-gKsewC gUlKoN"
      >
        <span
          class="sc-bdfBwQ ixTvTj"
        >
          Description
        </span>
      </div>
    </div>
  </div>
</div>
`;
