// Jest Snapshot v1, https://goo.gl/fbAQLP

exports[`CheckBoxGroup component should render with default theme 1`] = `
<div>
  <table
    class="sc-jSgupP eXoKSi"
  >
    <thead
      class="sc-dlfnbm hVnoOq"
    >
      <tr
        class="sc-gsTCUz dhuSOP"
      />
    </thead>
    <tbody
      class="sc-hKgILt gTegZF"
    />
  </table>
</div>
`;
