// Jest Snapshot v1, https://goo.gl/fbAQLP

exports[`Modal should render title and description text 1`] = `
<div>
  <div
    class="sc-bdfBwQ kOUwLq"
    title="Title"
  >
    <div
      class="sc-gsTCUz kdZmDy"
      title="Title"
    >
      <div
        class="sc-dlfnbm eVErIe"
      >
        <span
          class="sc-gKsewC hWUpWw"
        >
          Title
        </span>
      </div>
    </div>
    <div
      class="sc-hKgILt iEmfbb"
      title="Title"
    >
      <div
        class="sc-eCssSg dkxmEH"
      >
        <span
          class="sc-gKsewC fXPGYv"
        >
          Description
        </span>
      </div>
    </div>
    <div
      class="sc-jSgupP fOOCZY"
      title="Title"
    />
  </div>
</div>
`;
