// Jest Snapshot v1, https://goo.gl/fbAQLP

exports[`Modal should render title and description text 1`] = `
<div>
  <div
    class="sc-gsTCUz jpAIdr"
    title="Title"
  >
    <div
      class="sc-dlfnbm eRtJZ"
      title="Title"
    >
      <div
        class="sc-hKgILt zRnGw"
      >
        <span
          class="sc-bdfBwQ qAAtQ"
        >
          Title
        </span>
      </div>
    </div>
    <div
      class="sc-eCssSg jBPVBw"
      title="Title"
    >
      <div
        class="sc-jSgupP cmvsWa"
      >
        <span
          class="sc-bdfBwQ ixTvTj"
        >
          Description
        </span>
      </div>
    </div>
    <div
      class="sc-gKsewC hpskEZ"
      title="Title"
    />
  </div>
</div>
`;
