// Jest Snapshot v1, https://goo.gl/fbAQLP

exports[`Toggle should render correctly with all the props given 1`] = `
<div>
  <div
    class="sc-bdfBwQ ljahyS"
  >
    <input
      class="sc-dlfnbm iEoUJT"
      type="checkbox"
    />
    <div
      class="sc-gsTCUz jOpVXA"
    />
  </div>
</div>
`;
